[00:00:00] [Server thread/INFO]: Villager Villager['Villager'/10834, uuid='84e8a67f-164a-40ac-a7e7-ff665a43bed0', l='ServerLevel[world]', x=39.23, y=-3.75, z=5.47, cpos=[2, 0], tl=388, v=true] died, message: 'Villager was shot by Arrow'
[00:00:04] [Server thread/INFO]: Tenochcatl issued server command: /tag @n[type=minecraft:villager] add mongol
[00:00:04] [Server thread/INFO]: [Tenochcatl: Added tag 'mongol' to Villager]
[00:00:06] [Server thread/INFO]: Tenochcatl issued server command: /tag @n[type=minecraft:villager] add celtic
[00:00:06] [Server thread/INFO]: [Tenochcatl: Added tag 'celtic' to Villager]
[00:00:10] [Server thread/INFO]: Villager Villager['Villager'/10595, uuid='a7ee8fe3-53c7-48ad-95ee-500458e95e2a', l='ServerLevel[world]', x=40.29, y=-5.00, z=6.46, cpos=[2, 0], tl=1928, v=true] died, message: 'Villager was slain by Villager'
[00:00:15] [Server thread/INFO]: Tenochcatl issued server command: /tag @n[type=minecraft:villager] add celtic
[00:00:15] [Server thread/INFO]: [Tenochcatl: Added tag 'celtic' to Villager]
[00:00:16] [Server thread/INFO]: Tenochcatl issued server command: /tag @n[type=minecraft:villager] add mongol
[00:00:16] [Server thread/INFO]: [Tenochcatl: Added tag 'mongol' to Villager]
[00:00:17] [Server thread/INFO]: Villager Villager['Villager'/11015, uuid='0a4315fa-5029-4d1a-b3a2-adec628a908d', l='ServerLevel[world]', x=34.42, y=-5.00, z=10.21, cpos=[2, 0], tl=71, v=true] died, message: 'Villager was slain by Villager'
[00:00:22] [Server thread/INFO]: Villager Villager['Villager'/10944, uuid='eda88354-f38b-4dce-8db5-f409049d4aed', l='ServerLevel[world]', x=22.57, y=-3.98, z=4.57, cpos=[1, 0], tl=400, v=true] died, message: 'Villager was slain by Villager'
[00:00:37] [Server thread/INFO]: Tenochcatl issued server command: /tps
[00:00:44] [Server thread/INFO]: Villager Villager['Villager'/10955, uuid='c4420de8-e26f-4e5e-8809-77a377f7452d', l='ServerLevel[world]', x=39.21, y=-4.46, z=9.44, cpos=[2, 0], tl=772, v=true] died, message: 'Villager was slain by Zombie'
[00:00:49] [Server thread/INFO]: blime issued server command: /summon minecraft:sniffer
[00:00:49] [Server thread/INFO]: [blime: Summoned new Sniffer]
[00:00:49] [Server thread/INFO]: Villager Villager['Villager'/11009, uuid='24a89257-fb5e-4c25-9437-5e636a0ebdd5', l='ServerLevel[world]', x=39.44, y=-3.82, z=4.80, cpos=[2, 0], tl=736, v=true] died, message: 'Villager was slain by Zombie'
[00:01:12] [Async Chat Thread - #10/INFO]: [Not Secure] <Tenochcatl> no finjas desprecio
[00:01:15] [Async Chat Thread - #10/INFO]: [Not Secure] <Tenochcatl> necio
[00:01:45] [Server thread/INFO]: blime issued server command: /summon minecraft:slime
[00:01:45] [Server thread/INFO]: [blime: Summoned new Slime]
[00:02:49] [Server thread/INFO]: Tenochcatl issued server command: /summon minecraft:villager
[00:02:49] [Server thread/INFO]: [Tenochcatl: Summoned new Villager]
[00:02:52] [Server thread/INFO]: Tenochcatl issued server command: /tag @n[type=minecraft:villager] add celtic
[00:02:52] [Server thread/INFO]: [Tenochcatl: Added tag 'celtic' to Villager]
[00:02:54] [Server thread/INFO]: Tenochcatl issued server command: /summon minecraft:villager
[00:02:54] [Server thread/INFO]: [Tenochcatl: Summoned new Villager]
[00:02:54] [Server thread/INFO]: Tenochcatl issued server command: /tag @n[type=minecraft:villager] add celtic
[00:02:54] [Server thread/INFO]: [Tenochcatl: Added tag 'celtic' to Villager]
[00:02:58] [Server thread/INFO]: blime issued server command: /clear blime
[00:02:58] [Server thread/INFO]: [blime: Removed 76 item(s) from player blime]
[00:03:23] [Async Chat Thread - #12/INFO]: [Not Secure] <Tenochcatl> ay wey
[00:03:27] [Async Chat Thread - #12/INFO]: [Not Secure] <Tenochcatl> te combean bien sabroso
[00:03:37] [Server thread/INFO]: Tenochcatl issued server command: /tp @e[type=#undead] Tenochcatl
[00:03:37] [Server thread/INFO]: [Tenochcatl: Teleported 79 entities to Tenochcatl]
[00:03:41] [Server thread/INFO]: Villager Villager['Villager'/11486, uuid='b3237c39-9abe-42c6-9ceb-5a73fa924175', l='ServerLevel[world]', x=35.54, y=-5.00, z=5.62, cpos=[2, 0], tl=1035, v=true] died, message: 'Villager was slain by Zombie'
[00:03:48] [Server thread/INFO]: Villager Villager['Villager'/11502, uuid='30030dfd-882a-4b2c-a770-3812a61cb615', l='ServerLevel[world]', x=40.70, y=-5.00, z=4.30, cpos=[2, 0], tl=1085, v=true] died, message: 'Villager was slain by Zombie'
[00:03:57] [Async Chat Thread - #12/INFO]: [Not Secure] <Tenochcatl> ayuda blime
[00:03:57] [Async Chat Thread - #12/INFO]: [Not Secure] <Tenochcatl> aaa
[00:04:00] [Server thread/INFO]: Tenochcatl issued server command: /tp Tenochcatl blime
[00:04:00] [Server thread/INFO]: [Tenochcatl: Teleported Tenochcatl to blime]
[00:04:04] [Async Chat Thread - #12/INFO]: [Not Secure] <blime> q paso
[00:04:15] [Server thread/INFO]: blime issued server command: /kill @e[type=minecraft:slime ]
[00:04:15] [Server thread/INFO]: [blime: Killed 10 entities]
[00:04:35] [Server thread/INFO]: Tenochcatl issued server command: /tag @e remove celtic
[00:04:39] [Server thread/INFO]: Tenochcatl issued server command: /tag @e remove mongol
[00:04:44] [Server thread/INFO]: [Tenochcatl: Set own game mode to Spectator Mode]
[00:04:44] [Netty Epoll IO #1/INFO]: Disconnecting Tenochcatl for sending keepalive response (23493618) out-of-order!
[00:04:44] [Server thread/INFO]: Tenochcatl lost connection: Timed out
[00:04:44] [Server thread/INFO]: Tenochcatl left the game
[00:05:22] [Server thread/INFO]: Killed 58 entities
[00:05:26] [Server thread/INFO]: TPS from last 1m, 5m, 15m: 20.0, 20.0, 18.3
[00:05:27] [Server thread/INFO]: TPS from last 1m, 5m, 15m: 20.0, 20.0, 18.3
[00:05:28] [Server thread/INFO]: TPS from last 1m, 5m, 15m: 20.0, 20.0, 18.3
[00:05:29] [Server thread/INFO]: Unknown or incomplete command. See below for error
tps}<--[HERE]
[00:05:33] [Server thread/INFO]: TPS from last 1m, 5m, 15m: 20.0, 20.0, 18.3
[00:05:33] [Server thread/INFO]: TPS from last 1m, 5m, 15m: 20.0, 20.0, 18.3
[00:05:33] [Server thread/INFO]: TPS from last 1m, 5m, 15m: 20.0, 20.0, 18.3
[00:05:34] [Server thread/INFO]: TPS from last 1m, 5m, 15m: 20.0, 20.0, 18.3
[00:05:35] [Server thread/INFO]: TPS from last 1m, 5m, 15m: 20.0, 20.0, 18.3
[00:05:37] [Server thread/INFO]: TPS from last 1m, 5m, 15m: 20.0, 20.0, 18.3
[00:05:38] [Server thread/INFO]: TPS from last 1m, 5m, 15m: 20.0, 20.0, 18.3
[00:05:40] [Server thread/INFO]: Unknown or incomplete command. See below for error
tps}<--[HERE]
[00:05:40] [Server thread/INFO]: Unknown or incomplete command. See below for error
tps}<--[HERE]
[00:05:41] [Server thread/INFO]: Unknown or incomplete command. See below for error
tps}<--[HERE]
[00:05:43] [Server thread/INFO]: TPS from last 1m, 5m, 15m: 20.0, 20.0, 18.3
[00:05:43] [Server thread/INFO]: Unknown or incomplete command. See below for error
tps}<--[HERE]
[00:05:44] [Server thread/INFO]: TPS from last 1m, 5m, 15m: 20.0, 20.0, 18.3
[00:05:45] [Server thread/INFO]: TPS from last 1m, 5m, 15m: 20.0, 20.0, 18.3
[00:05:46] [Server thread/INFO]: TPS from last 1m, 5m, 15m: 20.0, 20.0, 18.3
[00:05:46] [Server thread/INFO]: TPS from last 1m, 5m, 15m: 20.0, 20.0, 18.3
[00:05:47] [Server thread/INFO]: TPS from last 1m, 5m, 15m: 20.0, 20.0, 18.3
[00:05:48] [Server thread/INFO]: TPS from last 1m, 5m, 15m: 20.0, 20.0, 18.3
[00:05:49] [Server thread/INFO]: blime issued server command: /gamemode survival
[00:05:49] [Server thread/INFO]: [blime: Set own game mode to Survival Mode]
[00:05:50] [Server thread/INFO]: TPS from last 1m, 5m, 15m: 20.0, 20.0, 18.3
[00:05:52] [Server thread/INFO]: TPS from last 1m, 5m, 15m: 20.0, 20.0, 18.3
[00:05:52] [Server thread/INFO]: blime issued server command: /summon minecraft:slime
[00:05:52] [Server thread/INFO]: [blime: Summoned new Slime]
[00:05:53] [Server thread/INFO]: TPS from last 1m, 5m, 15m: 20.0, 20.0, 18.3
[00:05:53] [Server thread/INFO]: blime was slain by Slime
[00:05:53] [Server thread/INFO]: blime lost connection: ¡You have perished!
[00:05:53] [Server thread/INFO]: blime left the game
[00:05:54] [Server thread/INFO]: TPS from last 1m, 5m, 15m: 20.0, 20.0, 18.3
[00:05:55] [Server thread/INFO]: TPS from last 1m, 5m, 15m: 20.0, 20.0, 18.3
[00:05:57] [User Authenticator #3/INFO]: UUID of player blime is 60e08c70-307c-3a07-8fb8-dfdbee4f30d4
[00:05:58] [Server thread/INFO]: blime joined the game
[00:05:58] [Server thread/INFO]: blime[/127.4.44.127:37511] logged in with entity id 12000 at ([world]-40.69999998807907, -4.161142480508248, -1.300000011920929)
[00:06:03] [Server thread/INFO]: blime issued server command: /tp 0 0 0
[00:06:03] [Server thread/INFO]: [blime: Teleported blime to 0.500000, 0.000000, 0.500000]
[00:06:03] [User Authenticator #3/INFO]: UUID of player Tenochcatl is fb5f534c-2b82-3ca1-93e2-7f56cc456c89
[00:06:05] [Server thread/INFO]: blime issued server command: /gamemode survival
[00:06:05] [Server thread/INFO]: [blime: Set own game mode to Survival Mode]
[00:06:29] [Server thread/INFO]: Tenochcatl (fb5f534c-2b82-3ca1-93e2-7f56cc456c89) lost connection: Timed out
[00:06:29] [Server thread/INFO]: Tenochcatl (fb5f534c-2b82-3ca1-93e2-7f56cc456c89) lost connection: Timed out
[00:06:34] [Server thread/INFO]: blime issued server command: /effect clear blime
[00:06:34] [Server thread/INFO]: [blime: Removed every effect from blime]
[00:06:46] [Server thread/INFO]: blime issued server command: /gamemode creative
[00:06:46] [Server thread/INFO]: [blime: Set own game mode to Creative Mode]
[00:07:04] [User Authenticator #4/INFO]: UUID of player Tenochcatl is fb5f534c-2b82-3ca1-93e2-7f56cc456c89
[00:07:04] [Server thread/INFO]: Tenochcatl joined the game
[00:07:04] [Server thread/INFO]: Tenochcatl[/127.236.50.192:58219] logged in with entity id 12226 at ([world]24.828864856709835, -3.917592890165436, 2.5028652077756965)
[00:07:12] [Server thread/INFO]: blime issued server command: /gamemode survival
[00:07:12] [Server thread/INFO]: [blime: Set own game mode to Survival Mode]
[00:07:20] [Server thread/INFO]: blime withered away
[00:07:20] [Server thread/INFO]: blime lost connection: ¡You have perished!
[00:07:20] [Server thread/INFO]: blime left the game
[00:07:24] [User Authenticator #4/INFO]: UUID of player blime is 60e08c70-307c-3a07-8fb8-dfdbee4f30d4
[00:07:25] [Server thread/INFO]: blime joined the game
[00:07:25] [Server thread/INFO]: blime[/127.4.44.127:50685] logged in with entity id 12302 at ([world]-36.75958575320354, -5.0, -3.8723297013019384)
[00:07:30] [Server thread/INFO]: blime issued server command: /tp 0 0 0
[00:07:30] [Server thread/INFO]: [blime: Teleported blime to 0.500000, 0.000000, 0.500000]
[00:07:33] [Server thread/INFO]: Tenochcatl issued server command: /kill @e[type=item]
[00:07:33] [Server thread/INFO]: [Tenochcatl: Killed 174 entities]
[00:07:34] [Server thread/INFO]: [Tenochcatl: Set own game mode to Creative Mode]
[00:07:34] [Server thread/INFO]: blime issued server command: /gamemode creative
[00:07:34] [Server thread/INFO]: [blime: Set own game mode to Creative Mode]
[00:07:37] [Server thread/INFO]: Tenochcatl issued server command: /tps
[00:07:51] [Server thread/INFO]: blime issued server command: /kill @e[type=minecraft:slime ]
[00:07:51] [Server thread/INFO]: [blime: Killed 6 entities]
[00:07:57] [Server thread/INFO]: blime issued server command: /summon minecraft:slime
[00:07:57] [Server thread/INFO]: [blime: Summoned new Slime]
[00:07:59] [Server thread/INFO]: blime issued server command: /gamemode survival
[00:07:59] [Server thread/INFO]: [blime: Set own game mode to Survival Mode]
[00:08:15] [Server thread/INFO]: blime was blown up by Creeper
[00:08:15] [Server thread/INFO]: blime lost connection: ¡You have perished!
[00:08:15] [Server thread/INFO]: blime left the game
[00:08:17] [User Authenticator #4/INFO]: UUID of player blime is 60e08c70-307c-3a07-8fb8-dfdbee4f30d4
[00:08:18] [Server thread/INFO]: blime joined the game
[00:08:18] [Server thread/INFO]: blime[/127.4.44.127:46459] logged in with entity id 12465 at ([world]8.07624993303117, -5.0, 0.7489854900643111)
[00:09:04] [Server thread/INFO]: Tenochcatl issued server command: /tag 285c564e-85a1-4175-83a5-ff6fd0c39dd1 add enemy
[00:09:04] [Server thread/INFO]: [Tenochcatl: Added tag 'enemy' to Enderman]
[00:09:07] [Server thread/INFO]: Tenochcatl issued server command: /summon minecraft:villager
[00:09:07] [Server thread/INFO]: [Tenochcatl: Summoned new Villager]
[00:09:09] [Server thread/INFO]: Tenochcatl issued server command: /tag @e remove celtic
[00:09:14] [Server thread/INFO]: Tenochcatl issued server command: /tag @n[type=minecraft:villager] add celtic
[00:09:14] [Server thread/INFO]: [Tenochcatl: Added tag 'celtic' to Villager]
[00:09:20] [Server thread/INFO]: Tenochcatl issued server command: /summon minecraft:villager
[00:09:20] [Server thread/INFO]: [Tenochcatl: Summoned new Villager]
[00:09:26] [Server thread/INFO]: Villager Villager['Villager'/12631, uuid='f5a64df7-3c8f-4b53-8df3-62dccf49f965', l='ServerLevel[world]', x=32.56, y=-5.00, z=7.04, cpos=[2, 0], tl=381, v=true] died, message: 'Villager was slain by Enderman'
[00:09:29] [Server thread/INFO]: Tenochcatl issued server command: /summon minecraft:villager
[00:09:29] [Server thread/INFO]: [Tenochcatl: Summoned new Villager]
[00:09:30] [Server thread/INFO]: Tenochcatl issued server command: /tag @n[type=minecraft:villager] add celtic
[00:09:30] [Server thread/INFO]: [Tenochcatl: Added tag 'celtic' to Villager]
[00:09:32] [Server thread/INFO]: Tenochcatl issued server command: /summon minecraft:villager
[00:09:32] [Server thread/INFO]: [Tenochcatl: Summoned new Villager]
[00:09:32] [Server thread/INFO]: Tenochcatl issued server command: /tag @n[type=minecraft:villager] add celtic
[00:09:32] [Server thread/INFO]: [Tenochcatl: Added tag 'celtic' to Villager]
[00:09:35] [Server thread/INFO]: Villager Villager['Villager'/12671, uuid='b3ff9d7a-fe10-4ce0-9a6b-b9eaa7cd582c', l='ServerLevel[world]', x=25.69, y=-5.00, z=6.49, cpos=[1, 0], tl=289, v=true] died, message: 'Villager was slain by Villager'
[00:09:40] [Server thread/INFO]: Tenochcatl issued server command: /scoreboard objectives setdisplay sidebar cooldown-m
[00:09:40] [Server thread/INFO]: [Tenochcatl: Set display slot sidebar to show objective cooldown-m]
[00:09:57] [Server thread/INFO]: Tenochcatl issued server command: /scoreboard objectives setdisplay sidebar
[00:09:57] [Server thread/INFO]: [Tenochcatl: Cleared any objectives in display slot sidebar]
[00:10:02] [Server thread/INFO]: Villager Villager['Villager'/12805, uuid='7e1f687f-fd77-4f52-bdc7-5b80c4aee796', l='ServerLevel[world]', x=32.47, y=-5.00, z=10.24, cpos=[2, 0], tl=35, v=true] died, message: 'Villager was slain by Villager'
[00:10:03] [Server thread/INFO]: Tenochcatl issued server command: /tag @n[type=minecraft:villager] add celtic
[00:10:05] [Server thread/INFO]: Villager Villager['Villager'/12800, uuid='651650eb-a2ad-4d4c-9d02-91e84e06c6db', l='ServerLevel[world]', x=40.00, y=-5.00, z=6.45, cpos=[2, 0], tl=110, v=true] died, message: 'Villager was slain by Villager'
[00:10:11] [Server thread/INFO]: Tenochcatl issued server command: /tag @e[type=minecraft:villager,distance=..5] add celtic
[00:10:11] [Server thread/INFO]: [Tenochcatl: Added tag 'celtic' to 7 entities]
[00:10:12] [Server thread/INFO]: Villager Villager['Villager'/12792, uuid='3e89278f-324d-4670-9fc8-1bf6a12bbad7', l='ServerLevel[world]', x=40.70, y=-4.00, z=5.30, cpos=[2, 0], tl=254, v=true] died, message: 'Villager was slain by Villager'
[00:10:13] [Server thread/INFO]: Villager Villager['Villager'/12790, uuid='47c5e7ed-eed6-459a-8689-cee3c561934d', l='ServerLevel[world]', x=40.02, y=-4.00, z=5.38, cpos=[2, 0], tl=273, v=true] died, message: 'Villager was slain by Villager'
[00:10:14] [Server thread/INFO]: Villager Villager['Villager'/12830, uuid='92633336-9abb-4d8f-90d4-3e4fb8b84a12', l='ServerLevel[world]', x=37.51, y=-5.00, z=9.30, cpos=[2, 0], tl=37, v=true] died, message: 'Villager was slain by Villager'
[00:10:14] [Server thread/INFO]: Tenochcatl issued server command: /tag @e[type=minecraft:villager,distance=..5] add celtic
[00:10:14] [Server thread/INFO]: [Tenochcatl: Added tag 'celtic' to 2 entities]
[00:10:15] [Server thread/INFO]: Tenochcatl issued server command: /tag @e[type=minecraft:villager,distance=..5] add celtic
[00:10:15] [Server thread/INFO]: [Tenochcatl: Added tag 'celtic' to 4 entities]
[00:10:17] [Server thread/INFO]: Tenochcatl issued server command: /tag @e[type=minecraft:villager,distance=..5] add celtic
[00:10:17] [Server thread/INFO]: [Tenochcatl: Added tag 'celtic' to 7 entities]
[00:10:18] [Server thread/INFO]: Tenochcatl issued server command: /tag @e[type=minecraft:villager,distance=..5] add celtic
[00:10:19] [Server thread/INFO]: Tenochcatl issued server command: /tag @e[type=minecraft:villager,distance=..5] add celtic
[00:10:19] [Server thread/INFO]: [Tenochcatl: Added tag 'celtic' to 9 entities]
[00:10:19] [Server thread/INFO]: Tenochcatl issued server command: /tag @e[type=minecraft:villager,distance=..5] add celtic
[00:10:25] [Server thread/INFO]: Tenochcatl issued server command: /scoreboard objectives setdisplay sidebar cooldown-m
[00:10:25] [Server thread/INFO]: [Tenochcatl: Set display slot sidebar to show objective cooldown-m]
[00:10:55] [Server thread/INFO]: Tenochcatl issued server command: /tag @e[type=minecraft:villager,distance=..5] add celtic
[00:10:55] [Server thread/INFO]: [Tenochcatl: Added tag 'celtic' to 11 entities]
[00:10:55] [Server thread/INFO]: Tenochcatl issued server command: /tag @e[type=minecraft:villager,distance=..5] add celtic
[00:10:57] [Server thread/INFO]: Tenochcatl issued server command: /tag @e[type=minecraft:villager,distance=..5] add celtic
[00:10:57] [Server thread/INFO]: [Tenochcatl: Added tag 'celtic' to 21 entities]
[00:10:58] [Server thread/INFO]: Tenochcatl issued server command: /tag @e[type=minecraft:villager,distance=..5] add celtic
[00:10:59] [Server thread/INFO]: Villager Villager['Villager'/12839, uuid='45151151-3ae5-4bad-8a8e-c9f468102342', l='ServerLevel[world]', x=40.01, y=-3.83, z=6.46, cpos=[2, 0], tl=924, v=true] died, message: 'Villager was slain by Villager'
[00:10:59] [Server thread/INFO]: Villager Villager['Villager'/12835, uuid='4ebb29ce-30a6-4a91-ac29-7c42a94b87c4', l='ServerLevel[world]', x=40.70, y=-4.00, z=5.30, cpos=[2, 0], tl=930, v=true] died, message: 'Villager was slain by Villager'
[00:11:01] [Server thread/INFO]: blime was kicked due to keepalive timeout!
[00:11:01] [Server thread/INFO]: blime lost connection: Timed out
[00:11:01] [Server thread/INFO]: blime left the game
[00:11:05] [Server thread/INFO]: Tenochcatl issued server command: /tp @e[type=#undead] Tenochcatl
[00:11:05] [Server thread/INFO]: [Tenochcatl: Teleported 86 entities to Tenochcatl]
[00:11:09] [Server thread/INFO]: Villager Villager['Villager'/12844, uuid='d4b7b2ee-682f-4cfa-a248-7a0ab68702af', l='ServerLevel[world]', x=28.55, y=-5.00, z=9.69, cpos=[1, 0], tl=1107, v=true] died, message: 'Villager was slain by Zombie'
[00:11:09] [Server thread/INFO]: Villager Villager['Villager'/12834, uuid='0f441389-917e-4f50-bcd8-7bd18671fb80', l='ServerLevel[world]', x=34.68, y=-5.00, z=5.19, cpos=[2, 0], tl=1125, v=true] died, message: 'Villager was slain by Zombie'
[00:11:09] [Server thread/INFO]: Villager Villager['Villager'/12863, uuid='db0b2264-1f9c-4d6c-a108-27624a922c57', l='ServerLevel[world]', x=27.41, y=-5.00, z=5.27, cpos=[1, 0], tl=1057, v=true] died, message: 'Villager was slain by Zombie'
[00:11:10] [Server thread/INFO]: Villager Villager['Villager'/12992, uuid='6ce9795e-4f09-46a2-8e07-b9521acdb410', l='ServerLevel[world]', x=36.33, y=-3.75, z=5.88, cpos=[2, 0], tl=274, v=true] died, message: 'Villager was shot by Skeleton'
[00:11:11] [Server thread/INFO]: Villager Villager['Villager'/12842, uuid='33bce52e-0625-4bcb-b16e-0166b7d8082a', l='ServerLevel[world]', x=36.42, y=-5.00, z=10.47, cpos=[2, 0], tl=1152, v=true] died, message: 'Villager was shot by Skeleton'
[00:11:11] [Server thread/INFO]: Villager Villager['Villager'/12862, uuid='c9017fac-7bde-428b-b6ba-a90ea83f2f6c', l='ServerLevel[world]', x=23.17, y=-3.98, z=3.86, cpos=[1, 0], tl=1101, v=true] died, message: 'Villager was slain by Zombie'
[00:11:11] [Server thread/INFO]: Villager Villager['Villager'/12974, uuid='f1e1ac12-5e2a-473a-ba2b-6d57d1868281', l='ServerLevel[world]', x=25.17, y=-5.00, z=4.71, cpos=[1, 0], tl=392, v=true] died, message: 'Villager was slain by Zombie'
[00:11:13] [Server thread/INFO]: Villager Villager['Villager'/12865, uuid='6b4725b8-e9bb-49cf-8f5d-ed05c7ca8d07', l='ServerLevel[world]', x=22.30, y=-5.00, z=4.96, cpos=[1, 0], tl=1136, v=true] died, message: 'Villager was slain by Zombie Villager'
[00:11:14] [Server thread/INFO]: Villager Villager['Villager'/12803, uuid='c06d6edf-172b-44ba-b833-409539b9843d', l='ServerLevel[world]', x=22.15, y=-5.00, z=6.82, cpos=[1, 0], tl=1474, v=true] died, message: 'Villager was slain by Zombie'
[00:11:16] [Server thread/INFO]: [Tenochcatl: Set own game mode to Spectator Mode]
[00:11:17] [Server thread/INFO]: Villager Villager['Villager'/12979, uuid='b4899d3a-ccae-48bc-8c27-e2904cfb5c00', l='ServerLevel[world]', x=36.82, y=-5.00, z=6.30, cpos=[2, 0], tl=487, v=true] died, message: 'Villager was shot by Skeleton'
[00:11:18] [Server thread/INFO]: Villager Villager['Villager'/12995, uuid='86c348eb-9be0-4b59-9902-79d11a7a5e64', l='ServerLevel[world]', x=31.90, y=-5.00, z=9.85, cpos=[1, 0], tl=427, v=true] died, message: 'Villager was slain by Zombie'
[00:11:18] [Server thread/INFO]: Villager Villager['Villager'/12697, uuid='0c2e8e90-c037-40bd-9e6b-f15f1b4a975d', l='ServerLevel[world]', x=39.84, y=-4.00, z=9.70, cpos=[2, 0], tl=2180, v=true] died, message: 'Villager was shot by Skeleton'
[00:11:18] [Server thread/INFO]: Villager Villager['Villager'/12861, uuid='ac2946c2-83d2-4306-8485-c77657e3b0eb', l='ServerLevel[world]', x=35.61, y=-5.00, z=6.34, cpos=[2, 0], tl=1240, v=true] died, message: 'Villager was shot by Skeleton'
[00:11:19] [Server thread/INFO]: Tenochcatl issued server command: /tp ~ ~5 ~
[00:11:19] [Server thread/INFO]: [Tenochcatl: Teleported Tenochcatl to 22.865667, 0.050000, 4.289571]
[00:11:19] [Server thread/INFO]: Villager Villager['Villager'/12802, uuid='f5d636f8-0db5-46a3-b23b-64717b717601', l='ServerLevel[world]', x=36.94, y=-4.00, z=5.48, cpos=[2, 0], tl=1579, v=true] died, message: 'Villager was shot by Skeleton'
[00:11:24] [Server thread/INFO]: Villager Villager['Villager'/12991, uuid='df6d6fa0-1343-4bd1-9978-dfcb0dffe0a9', l='ServerLevel[world]', x=38.18, y=-5.00, z=8.87, cpos=[2, 0], tl=554, v=true] died, message: 'Villager was shot by Skeleton'
[00:11:25] [Server thread/INFO]: Villager Villager['Villager'/12796, uuid='393bd1e2-a499-4915-b88d-c5f589f3c2a1', l='ServerLevel[world]', x=37.09, y=-4.25, z=6.30, cpos=[2, 0], tl=1702, v=true] died, message: 'Villager was slain by Zombie'
[00:11:26] [Server thread/INFO]: Villager Villager['Villager'/12794, uuid='9739c21d-d288-402e-9b39-f52bbc31d30e', l='ServerLevel[world]', x=39.82, y=-4.00, z=5.98, cpos=[2, 0], tl=1734, v=true] died, message: 'Villager was slain by Zombie'
[00:11:26] [Server thread/INFO]: Villager Villager['Villager'/12859, uuid='20a473e4-d0dc-4e0e-8fa8-a49bf546deae', l='ServerLevel[world]', x=39.57, y=-4.00, z=5.32, cpos=[2, 0], tl=1402, v=true] died, message: 'Villager was slain by Zombie Villager'
[00:11:27] [Server thread/INFO]: Villager Villager['Villager'/12841, uuid='623f351f-ee53-494a-a219-ab0401180187', l='ServerLevel[world]', x=37.30, y=-5.00, z=4.41, cpos=[2, 0], tl=1478, v=true] died, message: 'Villager was slain by Zombie'
[00:11:27] [Server thread/INFO]: Tenochcatl issued server command: /tp ~ ~5 ~
[00:11:27] [Server thread/INFO]: [Tenochcatl: Teleported Tenochcatl to 22.865667, 0.050000, 4.289571]
[00:11:28] [Server thread/INFO]: Villager Villager['Villager'/12977, uuid='4648236b-4c22-4ff9-82e9-d36cd5a5764e', l='ServerLevel[world]', x=37.70, y=-4.04, z=4.30, cpos=[2, 0], tl=720, v=true] died, message: 'Villager was slain by Zombie Villager'
[00:11:29] [Server thread/INFO]: Villager Villager['Villager'/12801, uuid='fa7e42fe-39b0-4217-b616-5129e00cda4c', l='ServerLevel[world]', x=37.84, y=-5.00, z=6.30, cpos=[2, 0], tl=1785, v=true] died, message: 'Villager was slain by Zombie'
[00:11:30] [Server thread/INFO]: Villager Villager['Villager'/12996, uuid='639eda02-377e-444c-82b7-6b87a665cf3e', l='ServerLevel[world]', x=38.82, y=-4.21, z=7.49, cpos=[2, 0], tl=674, v=true] died, message: 'Villager was slain by Zombie Villager'
[00:11:30] [Server thread/INFO]: [Tenochcatl: Set own game mode to Creative Mode]
[00:11:32] [Server thread/INFO]: Villager Villager['Villager'/12845, uuid='020838fe-5314-4fe2-b7a8-bff2022c4ed5', l='ServerLevel[world]', x=37.32, y=-4.25, z=5.50, cpos=[2, 0], tl=1571, v=true] died, message: 'Villager was slain by Zombie Villager'
[00:11:32] [Server thread/INFO]: Villager Villager['Villager'/12855, uuid='a8f916f1-2bbc-415c-9039-9ffd700da1c3', l='ServerLevel[world]', x=22.45, y=-5.00, z=4.71, cpos=[1, 0], tl=1526, v=true] died, message: 'Villager was shot by Skeleton'
[00:11:33] [Server thread/INFO]: Villager Villager['Villager'/12978, uuid='f84a2531-e34c-40cc-9e7c-788aeb086899', l='ServerLevel[world]', x=36.03, y=-5.00, z=6.50, cpos=[2, 0], tl=812, v=true] died, message: 'Villager was slain by Zombie Villager'
[00:11:33] [Server thread/INFO]: Villager Villager['Villager'/12804, uuid='8dd36cef-0992-4449-ad9e-2ef98f65fa14', l='ServerLevel[world]', x=23.01, y=-5.00, z=5.99, cpos=[1, 0], tl=1858, v=true] died, message: 'Villager was slain by Zombie'
[00:11:34] [Server thread/INFO]: Villager Villager['Villager'/12976, uuid='fe6fc6e3-0222-42b1-b820-d73ecb6126e5', l='ServerLevel[world]', x=23.74, y=-3.75, z=4.34, cpos=[1, 0], tl=848, v=true] died, message: 'Villager was slain by Zombie'
[00:11:35] [Server thread/INFO]: [Tenochcatl: Set own game mode to Spectator Mode]
[00:11:37] [Server thread/INFO]: Villager Villager['Villager'/12798, uuid='de58d56a-9808-41a1-80a4-1556b5f32a1a', l='ServerLevel[world]', x=28.56, y=-5.00, z=6.42, cpos=[1, 0], tl=1939, v=true] died, message: 'Villager was slain by Zombie'
[00:11:43] [Server thread/INFO]: Villager Villager['Villager'/12706, uuid='3b0afef9-b0c3-4e29-870a-cc3cbc8efe15', l='ServerLevel[world]', x=37.39, y=-5.00, z=5.43, cpos=[2, 0], tl=2618, v=true] died, message: 'Villager was slain by Zombie'
[00:11:49] [Server thread/INFO]: Tenochcatl issued server command: /kill @e[type=item]
[00:11:49] [Server thread/INFO]: [Tenochcatl: Killed 58 entities]
[00:11:49] [Server thread/INFO]: [Tenochcatl: Set own game mode to Creative Mode]
[00:13:04] [User Authenticator #5/INFO]: UUID of player blime is 60e08c70-307c-3a07-8fb8-dfdbee4f30d4
[00:13:05] [Server thread/INFO]: blime joined the game
[00:13:05] [Server thread/INFO]: blime[/127.4.44.127:37057] logged in with entity id 13493 at ([world]19.5, 117.1, 34.5)
[00:13:13] [Server thread/INFO]: blime issued server command: /tp 00 00
[00:13:15] [Server thread/INFO]: blime issued server command: /tp 00 00 0
[00:13:15] [Server thread/INFO]: [blime: Teleported blime to 0.500000, 0.000000, 0.500000]
[00:13:17] [Server thread/INFO]: blime issued server command: /gamemode creative
[00:13:17] [Server thread/INFO]: [blime: Set own game mode to Creative Mode]
[00:13:41] [Server thread/INFO]: blime issued server command: /summon minecraft:slime
[00:13:41] [Server thread/INFO]: [blime: Summoned new Slime]
[00:13:43] [Server thread/INFO]: Tenochcatl issued server command: /tag @e[type=minecraft:villager,distance=..5] add mongol
[00:13:45] [Server thread/INFO]: blime issued server command: /gamemode survival
[00:13:45] [Server thread/INFO]: [blime: Set own game mode to Survival Mode]
[00:13:46] [Server thread/INFO]: Tenochcatl issued server command: /summon minecraft:villager
[00:13:46] [Server thread/INFO]: [Tenochcatl: Summoned new Villager]
[00:13:46] [Server thread/INFO]: Tenochcatl issued server command: /tag @e[type=minecraft:villager,distance=..5] add mongol
[00:13:46] [Server thread/INFO]: [Tenochcatl: Added tag 'mongol' to Villager]
[00:13:49] [Server thread/INFO]: Tenochcatl issued server command: /summon minecraft:villager
[00:13:49] [Server thread/INFO]: [Tenochcatl: Summoned new Villager]
[00:13:49] [Server thread/INFO]: Tenochcatl issued server command: /tag @e[type=minecraft:villager,distance=..5] add mongol
[00:13:49] [Server thread/INFO]: [Tenochcatl: Added tag 'mongol' to 2 entities]
[00:13:59] [Server thread/INFO]: Villager Villager['Villager'/13630, uuid='0357b33f-a7d1-4800-83a5-040809906b01', l='ServerLevel[world]', x=25.97, y=-5.00, z=9.16, cpos=[1, 0], tl=265, v=true] died, message: 'Villager was slain by Zombie'
[00:14:04] [Async Chat Thread - #14/INFO]: [Not Secure] <blime> Tenochcatl
[00:14:10] [Server thread/INFO]: Villager Villager['Villager'/13644, uuid='b718e8ba-69ac-42b9-87ed-0de76336d087', l='ServerLevel[world]', x=39.77, y=-3.75, z=9.63, cpos=[2, 0], tl=419, v=true] died, message: 'Villager was slain by Zombie'
[00:14:12] [Async Chat Thread - #14/INFO]: [Not Secure] <blime> hice que los slimes se te peguen como chicle
[00:14:12] [Server thread/INFO]: Tenochcatl issued server command: /tag @e[type=minecraft:villager,distance=..5] add mongol
[00:14:13] [Server thread/INFO]: Tenochcatl issued server command: /summon minecraft:villager
[00:14:13] [Server thread/INFO]: [Tenochcatl: Summoned new Villager]
[00:14:13] [Server thread/INFO]: Tenochcatl issued server command: /tag @e[type=minecraft:villager,distance=..5] add mongol
[00:14:13] [Server thread/INFO]: [Tenochcatl: Added tag 'mongol' to Villager]
[00:14:16] [Async Chat Thread - #14/INFO]: [Not Secure] <blime> y ya
[00:14:18] [Async Chat Thread - #14/INFO]: [Not Secure] <Tenochcatl> haber?
[00:14:27] [Server thread/INFO]: Villager Villager['Villager'/13741, uuid='7395112a-1afc-4fb9-a56f-e22c4fef0fff', l='ServerLevel[world]', x=26.66, y=-5.00, z=4.49, cpos=[1, 0], tl=282, v=true] died, message: 'Villager was slain by Zombie'
[00:14:35] [Server thread/INFO]: blime issued server command: /summon minecraft:slime 15.15 -3.00 0.46
[00:14:35] [Server thread/INFO]: [blime: Summoned new Slime]
[00:14:38] [Server thread/INFO]: Tenochcatl issued server command: /tp sl
[00:14:40] [Server thread/INFO]: Tenochcatl issued server command: /tp blime
[00:14:40] [Server thread/INFO]: [Tenochcatl: Teleported Tenochcatl to blime]
[00:14:42] [Async Chat Thread - #14/INFO]: [Not Secure] <Tenochcatl> haber
[00:14:43] [Server thread/INFO]: blime issued server command: /gamemode creative
[00:14:43] [Server thread/INFO]: [blime: Set own game mode to Creative Mode]
[00:14:50] [Async Chat Thread - #14/INFO]: [Not Secure] <Tenochcatl> yo tengo un moco
[00:14:52] [Async Chat Thread - #14/INFO]: [Not Secure] <Tenochcatl> lo saco poco a poco
[00:15:11] [Async Chat Thread - #14/INFO]: [Not Secure] <blime> y ya
[00:15:16] [Server thread/INFO]: blime issued server command: /gamemode survival Tenochcatl
[00:15:16] [Server thread/INFO]: [blime: Set Tenochcatl's game mode to Survival Mode]
[00:15:17] [Server thread/INFO]: Tenochcatl issued server command: /summon minecraft:slime
[00:15:17] [Server thread/INFO]: [Tenochcatl: Summoned new Slime]
[00:15:19] [Server thread/INFO]: Tenochcatl issued server command: /summon minecraft:slime
[00:15:19] [Server thread/INFO]: [Tenochcatl: Summoned new Slime]
[00:15:27] [Async Chat Thread - #14/INFO]: [Not Secure] <Tenochcatl> maquina de movimiento perpetuo
[00:15:34] [Server thread/INFO]: [Tenochcatl: Set own game mode to Creative Mode]
[00:15:36] [Server thread/INFO]: [Tenochcatl: Set own game mode to Spectator Mode]
[00:15:38] [Server thread/INFO]: [Tenochcatl: Set own game mode to Creative Mode]
[00:15:47] [Server thread/INFO]: Tenochcatl issued server command: /summon minecraft:villager
[00:15:47] [Server thread/INFO]: [Tenochcatl: Summoned new Villager]
[00:15:50] [Server thread/INFO]: Tenochcatl issued server command: /tag @e[type=minecraft:villager,distance=..5] add mongol
[00:15:50] [Server thread/INFO]: [Tenochcatl: Added tag 'mongol' to Villager]
[00:15:59] [Server thread/INFO]: Villager Villager['Villager'/14272, uuid='c74b438f-f5f2-4617-98d9-9b3d4dd7164f', l='ServerLevel[world]', x=25.58, y=-5.00, z=10.53, cpos=[1, 0], tl=240, v=true] died, message: 'Villager was slain by Zombie'
[00:16:13] [Server thread/INFO]: Tenochcatl issued server command: /summon minecraft:villager
[00:16:13] [Server thread/INFO]: [Tenochcatl: Summoned new Villager]
[00:16:14] [Server thread/INFO]: Tenochcatl issued server command: /tag @e[type=minecraft:villager,distance=..5] add mongol
[00:16:14] [Server thread/INFO]: [Tenochcatl: Added tag 'mongol' to Villager]
[00:16:23] [Server thread/INFO]: Tenochcatl issued server command: /tps
[00:16:59] [Server thread/INFO]: blime issued server command: /gamemode survival
[00:16:59] [Server thread/INFO]: [blime: Set own game mode to Survival Mode]
[00:17:10] [Server thread/INFO]: blime issued server command: /gamemode creative
[00:17:10] [Server thread/INFO]: [blime: Set own game mode to Creative Mode]
[00:17:12] [Server thread/INFO]: blime issued server command: /gamemode creative
[00:17:14] [Server thread/INFO]: Tenochcatl issued server command: /summon minecraft:zombie
[00:17:14] [Server thread/INFO]: [Tenochcatl: Summoned new Zombie]
[00:17:29] [Server thread/INFO]: Villager Villager['Villager'/14357, uuid='728d229b-caae-4c6d-89c9-e7d6d0e89db1', l='ServerLevel[world]', x=39.21, y=-3.75, z=9.83, cpos=[2, 0], tl=1504, v=true] died, message: 'Villager was slain by Zombie'
[00:18:59] [Server thread/INFO]: blime issued server command: /gamemode survival
[00:18:59] [Server thread/INFO]: [blime: Set own game mode to Survival Mode]
[00:19:03] [Server thread/INFO]: blime issued server command: /gamemode spectator
[00:19:03] [Server thread/INFO]: [blime: Set own game mode to Spectator Mode]
[00:19:06] [Server thread/INFO]: blime issued server command: /gamemode creative
[00:19:06] [Server thread/INFO]: [blime: Set own game mode to Creative Mode]
[00:19:11] [Server thread/INFO]: blime issued server command: /gamemode survival
[00:19:11] [Server thread/INFO]: [blime: Set own game mode to Survival Mode]
[00:19:12] [Server thread/INFO]: blime died
[00:19:12] [Server thread/INFO]: blime lost connection: ¡You have perished!
[00:19:12] [Server thread/INFO]: blime left the game
[00:19:16] [User Authenticator #6/INFO]: UUID of player blime is 60e08c70-307c-3a07-8fb8-dfdbee4f30d4
[00:19:17] [Server thread/INFO]: blime joined the game
[00:19:17] [Server thread/INFO]: blime[/127.4.44.127:34801] logged in with entity id 15108 at ([world]-34.44404043060399, -5.0, -5.699999988079071)
[00:19:28] [Server thread/INFO]: blime issued server command: /tp 0 0 0
[00:19:28] [Server thread/INFO]: [blime: Teleported blime to 0.500000, 0.000000, 0.500000]
[00:19:30] [Server thread/INFO]: blime issued server command: /gamemode creative
[00:19:30] [Server thread/INFO]: [blime: Set own game mode to Creative Mode]
[00:19:30] [Server thread/INFO]: Tenochcatl issued server command: /tag @e[type=minecraft:villager,distance=..5] add mongol
[00:19:30] [Server thread/INFO]: [Tenochcatl: Added tag 'mongol' to Villager]
[00:19:34] [Server thread/INFO]: Tenochcatl issued server command: /tag @e[type=minecraft:villager,distance=..5] add mongol
[00:19:34] [Server thread/INFO]: [Tenochcatl: Added tag 'mongol' to 2 entities]
[00:19:41] [Server thread/INFO]: Villager Villager['Villager'/15161, uuid='8c20d29f-96ae-464f-a28d-826f5fee92c0', l='ServerLevel[world]', x=23.93, y=-5.00, z=4.61, cpos=[1, 0], tl=264, v=true] died, message: 'Villager was slain by Zombie'
[00:19:49] [Server thread/INFO]: Villager Villager['Villager'/15173, uuid='de5a42ae-a924-4592-82e3-b8135b306092', l='ServerLevel[world]', x=33.68, y=-3.98, z=5.29, cpos=[2, 0], tl=313, v=true] died, message: 'Villager was slain by Zombie'
[00:20:03] [Server thread/INFO]: blime issued server command: /gamemode spectator
[00:20:03] [Server thread/INFO]: [blime: Set own game mode to Spectator Mode]
[00:20:11] [Server thread/INFO]: blime issued server command: /gamemode survival
[00:20:11] [Server thread/INFO]: [blime: Set own game mode to Survival Mode]
[00:20:17] [Server thread/INFO]: blime issued server command: /gamemode creative
[00:20:17] [Server thread/INFO]: [blime: Set own game mode to Creative Mode]
[00:20:28] [Server thread/INFO]: Tenochcatl issued server command: /kill @e[type=arrow]
[00:20:28] [Server thread/INFO]: [Tenochcatl: Killed 29 entities]
[00:20:45] [Server thread/INFO]: Tenochcatl issued server command: /tag @e[type=minecraft:villager,distance=..5] add celtic
[00:20:45] [Server thread/INFO]: [Tenochcatl: Added tag 'celtic' to Villager]
[00:20:49] [Server thread/INFO]: Tenochcatl issued server command: /tag @e[type=minecraft:villager,distance=..5] add celtic
[00:20:49] [Server thread/INFO]: [Tenochcatl: Added tag 'celtic' to 2 entities]
[00:20:54] [Server thread/INFO]: blime issued server command: /gamemode survival
[00:20:54] [Server thread/INFO]: [blime: Set own game mode to Survival Mode]
[00:21:03] [Server thread/INFO]: blime issued server command: /gamemode creative
[00:21:03] [Server thread/INFO]: [blime: Set own game mode to Creative Mode]
[00:21:05] [Server thread/INFO]: Tenochcatl issued server command: /tag @e[type=minecraft:villager,distance=..5] add mongol
[00:21:05] [Server thread/INFO]: [Tenochcatl: Added tag 'mongol' to Villager]
[00:21:12] [Server thread/INFO]: blime issued server command: /gamemode survival
[00:21:12] [Server thread/INFO]: [blime: Set own game mode to Survival Mode]
[00:21:16] [Server thread/INFO]: Villager Villager['Villager'/15436, uuid='e78c33c9-e038-478a-9287-03d2bb0b5cff', l='ServerLevel[world]', x=37.70, y=-5.00, z=4.30, cpos=[2, 0], tl=798, v=true] died, message: 'Villager was shot by Arrow'
[00:21:16] [Server thread/INFO]: blime issued server command: /gamemode creative
[00:21:16] [Server thread/INFO]: [blime: Set own game mode to Creative Mode]
[00:21:24] [Server thread/INFO]: Tenochcatl issued server command: /tag @e[type=minecraft:villager,distance=..5] add mongol
[00:21:24] [Server thread/INFO]: [Tenochcatl: Added tag 'mongol' to Villager]
[00:21:33] [Server thread/INFO]: blime issued server command: /gamemode survival
[00:21:33] [Server thread/INFO]: [blime: Set own game mode to Survival Mode]
[00:21:33] [Server thread/INFO]: Tenochcatl issued server command: /scoreboard objectives setdisplay sidebar
[00:21:33] [Server thread/INFO]: [Tenochcatl: Cleared any objectives in display slot sidebar]
[00:21:36] [Server thread/INFO]: blime was slain by 
[00:21:36] [Server thread/INFO]: blime lost connection: ¡You have perished!
[00:21:36] [Server thread/INFO]: blime left the game
[00:21:38] [Server thread/INFO]: Villager Villager['Villager'/15608, uuid='795ece13-1fc4-43fe-a3ee-b6f79d7cef94', l='ServerLevel[world]', x=64.63, y=-8.00, z=0.03, cpos=[4, 0], tl=303, v=true] died, message: 'Villager was slain by Zombie'
[00:21:41] [User Authenticator #7/INFO]: UUID of player blime is 60e08c70-307c-3a07-8fb8-dfdbee4f30d4
[00:21:42] [Server thread/INFO]: blime joined the game
[00:21:42] [Server thread/INFO]: blime[/127.4.44.127:33893] logged in with entity id 15729 at ([world]-38.0489996527974, -4.72481598955059, -3.400835235909869)
[00:21:43] [Async Chat Thread - #16/INFO]: [Not Secure] <Tenochcatl> que
[00:21:46] [Server thread/INFO]: blime issued server command: /tp 00 0 0
[00:21:46] [Server thread/INFO]: [blime: Teleported blime to 0.500000, 0.000000, 0.500000]
[00:21:48] [Server thread/INFO]: blime issued server command: /gamemode creative
[00:21:48] [Server thread/INFO]: [blime: Set own game mode to Creative Mode]
[00:21:55] [Async Chat Thread - #16/INFO]: [Not Secure] <blime> q paso
[00:22:03] [Async Chat Thread - #16/INFO]: [Not Secure] <Tenochcatl> apareció:
[00:22:11] [Async Chat Thread - #16/INFO]: [Not Secure] <blime> q?
[00:22:13] [Server thread/INFO]: blime issued server command: /gamemode survival
[00:22:13] [Server thread/INFO]: [blime: Set own game mode to Survival Mode]
[00:22:17] [Async Chat Thread - #16/INFO]: [Not Secure] <Tenochcatl> %1$s ha sido víctima de %2$s
[00:22:19] [Server thread/INFO]: blime was slain by 
[00:22:19] [Server thread/INFO]: blime lost connection: ¡You have perished!
[00:22:19] [Server thread/INFO]: blime left the game
[00:22:23] [User Authenticator #7/INFO]: UUID of player blime is 60e08c70-307c-3a07-8fb8-dfdbee4f30d4
[00:22:23] [Server thread/INFO]: blime joined the game
[00:22:23] [Server thread/INFO]: blime[/127.4.44.127:53969] logged in with entity id 16081 at ([world]-30.737980625376274, -4.72481598955059, -2.9141880433059533)
[00:22:25] [Async Chat Thread - #16/INFO]: [Not Secure] <Tenochcatl> %1$s ha sido víctima de %2$s
[00:22:29] [Server thread/INFO]: Tenochcatl issued server command: /tp ~ ~50 ~
[00:22:29] [Server thread/INFO]: [Tenochcatl: Teleported Tenochcatl to 76.254945, 41.000000, -34.623288]
[00:22:30] [Server thread/INFO]: Tenochcatl issued server command: /tp ~ ~50 ~
[00:22:30] [Server thread/INFO]: [Tenochcatl: Teleported Tenochcatl to 76.254945, 91.000000, -34.623288]
[00:22:31] [Server thread/INFO]: Villager Villager['Villager'/15620, uuid='39127221-350a-46a1-a289-0bbbf4676dab', l='ServerLevel[world]', x=41.50, y=-3.00, z=0.83, cpos=[2, 0], tl=1329, v=true] died, message: 'Villager was slain by Zombie'
[00:22:33] [Server thread/INFO]: Tenochcatl issued server command: /kill
[00:22:33] [Server thread/INFO]: Tenochcatl was killed
[00:22:33] [Server thread/INFO]: [Tenochcatl: Killed Tenochcatl]
[00:22:33] [Server thread/INFO]: Tenochcatl lost connection: ¡You have perished!
[00:22:33] [Server thread/INFO]: Tenochcatl left the game
[00:22:35] [Server thread/INFO]: blime issued server command: /tp 0 0 0
[00:22:35] [Server thread/INFO]: [blime: Teleported blime to 0.500000, 0.000000, 0.500000]
[00:22:37] [User Authenticator #7/INFO]: UUID of player Tenochcatl is fb5f534c-2b82-3ca1-93e2-7f56cc456c89
[00:22:38] [Server thread/INFO]: blime issued server command: /gamemode creative
[00:22:38] [Server thread/INFO]: [blime: Set own game mode to Creative Mode]
[00:22:39] [Server thread/INFO]: Tenochcatl joined the game
[00:22:39] [Server thread/INFO]: Tenochcatl[/127.236.50.192:45921] logged in with entity id 16181 at ([world]75.94634293938076, 54.65199000734609, -34.775735501842696)
[00:22:42] [Server thread/INFO]: Villager Villager['Villager'/15540, uuid='6f22b10a-14f0-4340-93f8-b12c5c4842d6', l='ServerLevel[world]', x=61.02, y=-4.00, z=4.52, cpos=[3, 0], tl=1961, v=true] died, message: 'Villager was slain by Zombie'
[00:22:53] [Server thread/INFO]: Tenochcatl issued server command: /locate structure minecraft:village_plains
[00:22:53] [Server thread/INFO]: Locating element minecraft:village_plains took 5 ms
[00:22:56] [Server thread/INFO]: Tenochcatl issued server command: /tp @s 720 ~ -192
[00:22:56] [Server thread/INFO]: [Tenochcatl: Teleported Tenochcatl to 720.500000, 81.886215, -191.500000]
[00:23:05] [Server thread/INFO]: blime issued server command: /gamemode survival
[00:23:05] [Server thread/INFO]: [blime: Set own game mode to Survival Mode]
[00:23:09] [Server thread/INFO]: Tenochcatl issued server command: /tag @e[type=minecraft:villager] add mongo
[00:23:09] [Server thread/INFO]: [Tenochcatl: Added tag 'mongo' to 22 entities]
[00:23:10] [Server thread/INFO]: Tenochcatl issued server command: /tag @e[type=minecraft:villager] add mongol
[00:23:10] [Server thread/INFO]: [Tenochcatl: Added tag 'mongol' to 22 entities]
[00:23:13] [Server thread/INFO]: [Tenochcatl: Set own game mode to Creative Mode]
[00:23:25] [Netty Epoll IO #0/INFO]: Disconnecting Tenochcatl for sending keepalive response (24614140) out-of-order!
[00:23:25] [Server thread/INFO]: Tenochcatl lost connection: Timed out
[00:23:25] [Server thread/INFO]: Tenochcatl left the game
[00:23:27] [Server thread/INFO]: blime issued server command: /gamemode creative
[00:23:27] [Server thread/INFO]: [blime: Set own game mode to Creative Mode]
[00:23:29] [User Authenticator #7/INFO]: UUID of player Tenochcatl is fb5f534c-2b82-3ca1-93e2-7f56cc456c89
[00:23:30] [Server thread/INFO]: Tenochcatl joined the game
[00:23:30] [Server thread/INFO]: Tenochcatl[/127.236.50.192:48351] logged in with entity id 17599 at ([world]751.4534295744598, 71.40200692491139, -169.47535725615143)
[00:23:33] [Server thread/INFO]: Tenochcatl issued server command: /tps
[00:23:45] [Server thread/INFO]: Tenochcatl issued server command: /tag @e[type=minecraft:villager] add mongol
[00:23:45] [Server thread/INFO]: [Tenochcatl: Added tag 'mongol' to 27 entities]
[00:23:58] [Server thread/INFO]: Villager Villager['Cleric'/16951, uuid='74d88fae-791f-4df2-adf4-0b58e24ab699', l='ServerLevel[world]', x=707.61, y=66.00, z=-172.13, cpos=[44, -11], tl=1249, v=true] died, message: 'Cleric was slain by Zombie'
[00:23:59] [Server thread/INFO]: blime issued server command: /gamemode survival
[00:23:59] [Server thread/INFO]: [blime: Set own game mode to Survival Mode]
[00:24:02] [Server thread/INFO]: blime issued server command: /summon minecraft:sniffer
[00:24:02] [Server thread/INFO]: [blime: Summoned new Sniffer]
[00:24:02] [Server thread/INFO]: blime was slain by 
[00:24:02] [Server thread/INFO]: blime lost connection: ¡You have perished!
[00:24:02] [Server thread/INFO]: blime left the game
[00:24:06] [User Authenticator #7/INFO]: UUID of player blime is 60e08c70-307c-3a07-8fb8-dfdbee4f30d4
[00:24:07] [Server thread/INFO]: blime joined the game
[00:24:07] [Server thread/INFO]: blime[/127.4.44.127:52917] logged in with entity id 17911 at ([world]-33.53112035676335, -4.72481598955059, -5.699999988079071)
[00:24:11] [Server thread/INFO]: blime issued server command: /tp 0 00
[00:24:11] [Server thread/INFO]: Tenochcatl issued server command: /tag @e[type=creeper,distance=..5] add enemy
[00:24:11] [Server thread/INFO]: [Tenochcatl: Added tag 'enemy' to Creeper]
[00:24:13] [Server thread/INFO]: blime issued server command: /tp 0 00 0
[00:24:13] [Server thread/INFO]: [blime: Teleported blime to 0.500000, 0.000000, 0.500000]
[00:24:17] [Async Chat Thread - #18/INFO]: [Not Secure] <blime> y ahora uqe aparecio
[00:24:19] [Server thread/INFO]: blime issued server command: /gamemode creative
[00:24:19] [Server thread/INFO]: [blime: Set own game mode to Creative Mode]
[00:24:21] [Async Chat Thread - #18/INFO]: [Not Secure] <Tenochcatl> lo mismo
[00:24:38] [Server thread/INFO]: blime issued server command: /gamemode survival
[00:24:38] [Server thread/INFO]: [blime: Set own game mode to Survival Mode]
[00:24:46] [Server thread/INFO]: blime issued server command: /give blime minecraft:netherite_sword
[00:24:46] [Server thread/INFO]: [blime: Gave 1 [Netherite Sword] to blime]
[00:24:54] [Server thread/INFO]: blime issued server command: /gamemode creative
[00:24:54] [Server thread/INFO]: [blime: Set own game mode to Creative Mode]
[00:24:54] [Server thread/INFO]: Tenochcatl issued server command: /tag @e[type=creeper,distance=..5] add enemy
[00:24:59] [Server thread/INFO]: Tenochcatl issued server command: /tag @e[type=minecraft:villager] add mongol
[00:24:59] [Server thread/INFO]: [Tenochcatl: Added tag 'mongol' to 33 entities]
[00:25:05] [Server thread/INFO]: Tenochcatl issued server command: /tag @e[type=minecraft:villager] add mongol
[00:25:05] [Server thread/INFO]: [Tenochcatl: Added tag 'mongol' to 42 entities]
[00:25:05] [Server thread/INFO]: blime issued server command: /gamemode survival
[00:25:05] [Server thread/INFO]: [blime: Set own game mode to Survival Mode]
[00:25:06] [Server thread/INFO]: Villager Villager['Villager'/17827, uuid='a6b461f5-1b14-4747-ae01-654a4cacbced', l='ServerLevel[world]', x=720.59, y=66.00, z=-201.84, cpos=[45, -13], tl=1649, v=true] died, message: 'Villager was slain by Zombie'
[00:25:06] [Server thread/INFO]: Tenochcatl issued server command: /tag @e[type=minecraft:villager] add mongol
[00:25:13] [Server thread/INFO]: Tenochcatl issued server command: /tag @e[type=minecraft:villager] add mongol
[00:25:13] [Server thread/INFO]: [Tenochcatl: Added tag 'mongol' to 46 entities]
[00:25:22] [Async Chat Thread - #21/INFO]: [Not Secure] <blime> estoy haciendo que los narizones ataquen
[00:25:27] [Server thread/INFO]: Tenochcatl issued server command: /tag @e[type=minecraft:villager,distance=..5] add celtic
[00:25:30] [Server thread/INFO]: Tenochcatl issued server command: /tag @e[type=minecraft:villager,distance=..5] add celtic
[00:25:30] [Server thread/INFO]: [Tenochcatl: Added tag 'celtic' to 6 entities]
[00:25:31] [Server thread/INFO]: Tenochcatl issued server command: /tag @e[type=minecraft:villager,distance=..5] add celtic
[00:25:35] [Async Chat Thread - #21/INFO]: [Not Secure] <Tenochcatl> yo ya lo hicea
[00:25:39] [Async Chat Thread - #21/INFO]: [Not Secure] <Tenochcatl> tremendo fracasado
[00:25:41] [Async Chat Thread - #21/INFO]: [Not Secure] <blime> narizones = sniffer
[00:25:43] [Async Chat Thread - #21/INFO]: [Not Secure] <Tenochcatl> a ya
[00:25:49] [Server thread/INFO]: blime issued server command: /summon minecraft:sniffer
[00:25:49] [Server thread/INFO]: [blime: Summoned new Sniffer]
[00:25:55] [Server thread/INFO]: Tenochcatl issued server command: /scoreboard objectives setdisplay sidebar cooldown-m
[00:25:55] [Server thread/INFO]: [Tenochcatl: Set display slot sidebar to show objective cooldown-m]
[00:26:05] [Async Chat Thread - #21/INFO]: [Not Secure] <blime> solo quen o se como hacer que se mueve al jugador
[00:26:15] [Server thread/INFO]: blime issued server command: /gamemode spectator
[00:26:15] [Server thread/INFO]: [blime: Set own game mode to Spectator Mode]
[00:26:24] [Server thread/INFO]: Tenochcatl issued server command: /tag @e[type=minecraft:villager,distance=..5] add celtic
[00:26:24] [Server thread/INFO]: [Tenochcatl: Added tag 'celtic' to 6 entities]
[00:26:27] [Server thread/INFO]: Villager Villager['Villager'/18781, uuid='f11b2431-bed6-4629-857c-98f02a4ded2b', l='ServerLevel[world]', x=701.34, y=73.00, z=-226.11, cpos=[43, -15], tl=1130, v=true] died, message: 'Villager was shot by Arrow'
[00:26:28] [Server thread/INFO]: Tenochcatl issued server command: /tag @e[type=minecraft:villager,distance=..5] add celtic
[00:26:28] [Server thread/INFO]: [Tenochcatl: Added tag 'celtic' to 18 entities]
[00:26:29] [Server thread/INFO]: Tenochcatl issued server command: /tag @e[type=minecraft:villager,distance=..5] add celtic
[00:26:37] [Server thread/INFO]: Tenochcatl issued server command: /kill @e[type=#undead]
[00:26:37] [Server thread/INFO]: [Tenochcatl: Killed 49 entities]
[00:26:44] [Server thread/INFO]: Tenochcatl issued server command: /kill @e[type=#undead]
[00:26:44] [Server thread/INFO]: [Tenochcatl: Killed 21 entities]
[00:26:53] [Server thread/INFO]: [Tenochcatl: Set own game mode to Spectator Mode]
[00:27:11] [Server thread/INFO]: Tenochcatl issued server command: /tp @e[type=minecraft:villager] Tenochcatl
[00:27:11] [Server thread/INFO]: [Tenochcatl: Teleported 59 entities to Tenochcatl]
[00:27:11] [Server thread/INFO]: Villager Villager['Farmer'/16950, uuid='f021cdfd-f206-4632-b6a0-c706c95ed3ab', l='ServerLevel[world]', x=716.19, y=73.06, z=-236.17, cpos=[44, -15], tl=4858, v=true] died, message: 'Farmer was squished too much'
[00:27:11] [Server thread/INFO]: Villager Villager['Villager'/18419, uuid='261d84de-cd86-456c-868b-8a1bb00c98ea', l='ServerLevel[world]', x=716.19, y=73.06, z=-236.17, cpos=[44, -15], tl=2520, v=true] died, message: 'Villager was squished too much'
[00:27:11] [Server thread/INFO]: Villager Villager['Villager'/19070, uuid='cfe4b539-1cb0-4727-93f6-a6c82e9c4427', l='ServerLevel[world]', x=716.33, y=72.91, z=-236.22, cpos=[44, -15], tl=793, v=true] died, message: 'Villager was squished too much'
[00:27:12] [Server thread/INFO]: Villager Villager['Villager'/18782, uuid='98853276-c89e-4699-a99a-dcb20fcc815c', l='ServerLevel[world]', x=717.93, y=72.00, z=-236.94, cpos=[44, -15], tl=1829, v=true] died, message: 'Villager was shot by Arrow'
[00:27:13] [Server thread/INFO]: Villager Villager['Villager'/19138, uuid='d2f25ff3-bf0b-48b0-8477-a115811219f2', l='ServerLevel[world]', x=713.64, y=72.00, z=-235.62, cpos=[44, -15], tl=702, v=true] died, message: 'Villager was shot by Arrow'
[00:27:15] [Server thread/INFO]: Villager Villager['Villager'/18483, uuid='e5b4a621-b35f-434b-a6e4-fd6340de0224', l='ServerLevel[world]', x=715.52, y=71.94, z=-238.11, cpos=[44, -15], tl=2383, v=true] died, message: 'Villager was slain by Villager'
[00:27:15] [Server thread/INFO]: Villager Villager['Villager'/18488, uuid='46a7fdf4-6680-4534-8931-79b6311496c0', l='ServerLevel[world]', x=713.70, y=72.00, z=-236.66, cpos=[44, -15], tl=2380, v=true] died, message: 'Villager was slain by Villager'
[00:27:15] [Server thread/INFO]: Villager Villager['Cleric'/18414, uuid='0ea3fd12-803f-4676-9cc4-d5be90b3e342', l='ServerLevel[world]', x=715.99, y=72.00, z=-235.18, cpos=[44, -15], tl=2585, v=true] died, message: 'Cleric was slain by Villager'
[00:27:16] [Server thread/INFO]: Villager Villager['Villager'/18783, uuid='d7d20c48-aaaf-4ac2-86c6-420cf38ecfa7', l='ServerLevel[world]', x=715.39, y=72.83, z=-235.60, cpos=[44, -15], tl=1876, v=true] died, message: 'Villager was shot by Arrow'
[00:27:16] [Server thread/INFO]: Villager Villager['Villager'/17818, uuid='1ad599e3-d361-47e4-841c-9d6548e3e245', l='ServerLevel[world]', x=712.71, y=73.25, z=-238.07, cpos=[44, -15], tl=3992, v=true] died, message: 'Villager was slain by Villager'
[00:27:16] [Server thread/INFO]: Villager Villager['Villager'/19075, uuid='9d65703e-4c26-4949-9e1a-57edb59e9adc', l='ServerLevel[world]', x=716.88, y=72.72, z=-239.53, cpos=[44, -15], tl=855, v=true] died, message: 'Villager was shot by Arrow'
[00:27:17] [Server thread/INFO]: Villager Villager['Villager'/19145, uuid='da787ba7-6df0-4e4e-b6bf-5ee9583f0f86', l='ServerLevel[world]', x=710.75, y=72.00, z=-236.45, cpos=[44, -15], tl=754, v=true] died, message: 'Villager was shot by Arrow'
[00:27:17] [Server thread/INFO]: Villager Villager['Villager'/19072, uuid='2d3f92ed-3bf5-4b23-a303-e46a7899ea8f', l='ServerLevel[world]', x=715.22, y=72.00, z=-241.53, cpos=[44, -16], tl=881, v=true] died, message: 'Villager was shot by Arrow'
[00:27:17] [Server thread/INFO]: Villager Villager['Villager'/18786, uuid='8f84268c-3e3c-4c91-aee6-6eccc12b6d10', l='ServerLevel[world]', x=714.66, y=72.58, z=-234.00, cpos=[44, -15], tl=1895, v=true] died, message: 'Villager was shot by Arrow'
[00:27:17] [Server thread/INFO]: Villager Villager['Villager'/18787, uuid='db1bafec-a669-453a-985f-8b232f919d07', l='ServerLevel[world]', x=711.15, y=72.00, z=-240.65, cpos=[44, -16], tl=1895, v=true] died, message: 'Villager was shot by Arrow'
[00:27:18] [Server thread/INFO]: Villager Villager['Villager'/18418, uuid='d03f1473-fc58-4eb4-a457-84318dcf6499', l='ServerLevel[world]', x=710.20, y=72.00, z=-238.82, cpos=[44, -15], tl=2618, v=true] died, message: 'Villager was slain by Villager'
[00:27:18] [Server thread/INFO]: Villager Villager['Villager'/19065, uuid='fcd2430f-7eff-464c-a0e9-53df9e0efc14', l='ServerLevel[world]', x=710.68, y=72.00, z=-238.26, cpos=[44, -15], tl=896, v=true] died, message: 'Villager was shot by Arrow'
[00:27:18] [Server thread/INFO]: Villager Villager['Villager'/16958, uuid='0a0976b5-752c-4332-9f5a-7e8b1f415326', l='ServerLevel[world]', x=712.85, y=72.00, z=-237.85, cpos=[44, -15], tl=4964, v=true] died, message: 'Villager was slain by Villager'
[00:27:19] [Server thread/INFO]: Villager Villager['Villager'/19067, uuid='e9d150f3-02ad-400a-be2f-230cdd62e8c7', l='ServerLevel[world]', x=713.13, y=72.00, z=-236.87, cpos=[44, -15], tl=908, v=true] died, message: 'Villager was shot by Arrow'
[00:27:20] [Server thread/INFO]: Villager Villager['Villager'/18487, uuid='d8144ae0-e804-412e-998f-835d29157fac', l='ServerLevel[world]', x=710.70, y=72.00, z=-236.32, cpos=[44, -15], tl=2462, v=true] died, message: 'Villager was slain by Villager'
[00:27:20] [Server thread/INFO]: Villager Villager['Villager'/19140, uuid='0137245c-336e-46d8-9da5-22654d363f63', l='ServerLevel[world]', x=711.49, y=72.00, z=-235.52, cpos=[44, -15], tl=819, v=true] died, message: 'Villager was shot by Arrow'
[00:27:21] [Server thread/INFO]: Villager Villager['Villager'/18788, uuid='55521223-7cbe-4a74-838d-4aadf7ed0022', l='ServerLevel[world]', x=715.89, y=71.94, z=-244.54, cpos=[44, -16], tl=1951, v=true] died, message: 'Villager was shot by Arrow'
[00:27:21] [Server thread/INFO]: Villager Villager['Farmer'/16963, uuid='e7c996b0-a50e-40b9-b034-feaf70cfe729', l='ServerLevel[world]', x=713.76, y=73.00, z=-238.77, cpos=[44, -15], tl=5013, v=true] died, message: 'Farmer was slain by Villager'
[00:27:22] [Server thread/INFO]: Villager Villager['Villager'/18415, uuid='43ab67a1-91f7-4f08-a2b8-91cd5cdc394e', l='ServerLevel[world]', x=719.70, y=72.00, z=-239.26, cpos=[44, -15], tl=2695, v=true] died, message: 'Villager was slain by Villager'
[00:27:22] [Server thread/INFO]: Villager Villager['Villager'/18592, uuid='41db36eb-d29a-48a5-9f8e-7e6800977407', l='ServerLevel[world]', x=719.01, y=72.00, z=-235.77, cpos=[44, -15], tl=2328, v=true] died, message: 'Villager was slain by Villager'
[00:27:23] [Server thread/INFO]: Villager Villager['Fisherman'/16956, uuid='e97e83a6-f1c8-48b8-922e-b24fe2c791cd', l='ServerLevel[world]', x=716.84, y=71.95, z=-236.64, cpos=[44, -15], tl=5046, v=true] died, message: 'Fisherman was slain by Villager'
[00:27:23] [Server thread/INFO]: Villager Villager['Villager'/18482, uuid='9a95e3b2-6e9c-4790-a098-908fcea026ab', l='ServerLevel[world]', x=717.85, y=72.00, z=-233.14, cpos=[44, -15], tl=2535, v=true] died, message: 'Villager was slain by Villager'
[00:27:23] [Server thread/INFO]: Villager Villager['Villager'/17826, uuid='868dc9bb-cdae-4bff-8b1a-85600cca27a2', l='ServerLevel[world]', x=720.70, y=72.00, z=-241.52, cpos=[45, -16], tl=4120, v=true] died, message: 'Villager was slain by Villager'
[00:27:24] [Server thread/INFO]: Villager Villager['Villager'/17828, uuid='9d39b107-42f9-4239-b103-98957c15735e', l='ServerLevel[world]', x=719.70, y=72.00, z=-235.11, cpos=[44, -15], tl=4121, v=true] died, message: 'Villager was slain by Villager'
[00:27:24] [Server thread/INFO]: Villager Villager['Villager'/16966, uuid='32b2633f-6878-4003-8e27-d623da59c416', l='ServerLevel[world]', x=715.92, y=71.94, z=-244.21, cpos=[44, -16], tl=5063, v=true] died, message: 'Villager was slain by Villager'
[00:27:28] [Server thread/INFO]: Villager Villager['Villager'/17824, uuid='0183eed6-8a02-4fbf-b2e3-94a9eb9a0f3e', l='ServerLevel[world]', x=705.58, y=71.00, z=-241.39, cpos=[44, -16], tl=4223, v=true] died, message: 'Villager was slain by Villager'
[00:27:33] [Async Chat Thread - #22/INFO]: [Not Secure] <Tenochcatl> blime
[00:27:37] [Async Chat Thread - #23/INFO]: [Not Secure] <blime> q
[00:27:40] [Async Chat Thread - #23/INFO]: [Not Secure] <Tenochcatl> ahora aldeanos extraños pueden colonizar las aldeas
[00:27:41] [Server thread/INFO]: Villager Villager['Villager'/18490, uuid='8c74f641-7b15-4404-b102-fbe7822ebd37', l='ServerLevel[world]', x=715.00, y=72.00, z=-243.92, cpos=[44, -16], tl=2868, v=true] died, message: 'Villager was slain by Villager'
[00:27:46] [Server thread/INFO]: Villager Villager['Villager'/18411, uuid='f88ec0a5-e200-4dea-888c-7c4b126ee7ac', l='ServerLevel[world]', x=718.37, y=72.00, z=-235.63, cpos=[44, -15], tl=3178, v=true] died, message: 'Villager was slain by Villager'
[00:27:55] [Server thread/INFO]: Villager Villager['Villager'/16969, uuid='51bbd847-5f4a-4ba0-a425-d641e273cb0e', l='ServerLevel[world]', x=713.57, y=72.00, z=-229.29, cpos=[44, -15], tl=5698, v=true] died, message: 'Villager was slain by Villager'
[00:28:00] [Async Chat Thread - #23/INFO]: [Not Secure] <blime> osea como pillaguer pero inteligentes
[00:28:02] [Server thread/INFO]: Tenochcatl issued server command: /tp 0 0 0
[00:28:02] [Server thread/INFO]: [Tenochcatl: Teleported Tenochcatl to 0.500000, 0.000000, 0.500000]
[00:28:02] [Server thread/INFO]: Villager Villager['Villager'/18575, uuid='2ce7ba3f-b4a4-4b6b-93a6-a0228c77166d', l='ServerLevel[world]', x=702.82, y=71.00, z=-242.74, cpos=[43, -16], tl=3141, v=true] died, message: 'Villager was slain by Villager'
[00:28:03] [Async Chat Thread - #23/INFO]: [Not Secure] <Tenochcatl> si
[00:28:06] [Server thread/INFO]: [Tenochcatl: Set own game mode to Creative Mode]
[00:28:36] [Server thread/INFO]: blime issued server command: /gamemode creative
[00:28:36] [Server thread/INFO]: [blime: Set own game mode to Creative Mode]
[00:28:45] [Server thread/INFO]: Tenochcatl issued server command: /tp @s 720 ~ -192
[00:28:45] [Server thread/INFO]: [Tenochcatl: Teleported Tenochcatl to 720.500000, 0.000000, -191.500000]
[00:28:49] [Server thread/INFO]: Tenochcatl issued server command: /tp ~ ~50 ~
[00:28:49] [Server thread/INFO]: [Tenochcatl: Teleported Tenochcatl to 720.500000, 50.907797, -191.500000]
[00:28:50] [Server thread/INFO]: Tenochcatl issued server command: /tps
[00:28:51] [Server thread/INFO]: Tenochcatl issued server command: /tp ~ ~50 ~
[00:28:51] [Server thread/INFO]: [Tenochcatl: Teleported Tenochcatl to 720.500000, 100.907797, -191.500000]
[00:28:51] [Server thread/INFO]: Tenochcatl issued server command: /tp ~ ~50 ~
[00:28:51] [Server thread/INFO]: [Tenochcatl: Teleported Tenochcatl to 720.500000, 150.907797, -191.500000]
[00:28:58] [Server thread/INFO]: Villager Villager['Villager'/19918, uuid='5932d546-591f-4705-b395-6a7868386fba', l='ServerLevel[world]', x=706.40, y=71.00, z=-240.45, cpos=[44, -16], tl=225, v=true] died, message: 'Villager was slain by Villager'
[00:29:01] [Server thread/INFO]: Tenochcatl issued server command: /scoreboard objectives setdisplay sidebar
[00:29:01] [Server thread/INFO]: [Tenochcatl: Cleared any objectives in display slot sidebar]
[00:29:05] [Async Chat Thread - #24/INFO]: [Not Secure] <Tenochcatl> ya me voy
[00:29:08] [Async Chat Thread - #24/INFO]: [Not Secure] <blime> a
[00:29:11] [Server thread/INFO]: Villager Villager['Villager'/19765, uuid='31653808-ed9f-404c-9662-196af51e3187', l='ServerLevel[world]', x=705.50, y=72.00, z=-235.82, cpos=[44, -15], tl=506, v=true] died, message: 'Villager was slain by Villager'
[00:29:11] [Server thread/INFO]: blime issued server command: /save-all
[00:29:12] [Server thread/INFO]: [blime: Saved the game]
[00:29:14] [Async Chat Thread - #24/INFO]: [Not Secure] <Tenochcatl> iré a pvpear con unos aldeanos y kluego me voy
[00:29:47] [Server thread/INFO]: Tenochcatl issued server command: /tag Tenochcatl add enemy
[00:29:47] [Server thread/INFO]: [Tenochcatl: Added tag 'enemy' to Tenochcatl]
[00:29:48] [Server thread/INFO]: Villager Villager['Villager'/19776, uuid='4d5d4e68-72a2-479e-a4a3-2511ad3679f1', l='ServerLevel[world]', x=713.53, y=75.00, z=-251.47, cpos=[44, -16], tl=1239, v=true] died, message: 'Villager was slain by Villager'
[00:29:48] [Server thread/INFO]: [Tenochcatl: Set own game mode to Survival Mode]
[00:29:53] [Server thread/INFO]: Tenochcatl has made the advancement [Not Today, Thank You]
[00:29:58] [Server thread/INFO]: Villager Villager['Villager'/19766, uuid='da835ca3-d141-4645-97b0-5e6ec2f24e47', l='ServerLevel[world]', x=709.98, y=69.00, z=-214.93, cpos=[44, -14], tl=1462, v=true] died, message: 'Villager was slain by Villager'
[00:30:00] [Server thread/INFO]: Villager Villager['Farmer'/19753, uuid='7918e573-e020-4aa2-90e6-e39d80ab1bb6', l='ServerLevel[world]', x=718.30, y=66.94, z=-184.52, cpos=[44, -12], tl=1497, v=true] died, message: 'Farmer was slain by Tenochcatl'
[00:30:05] [Server thread/INFO]: Villager Villager['Fisherman'/19804, uuid='f5f8568f-f9a9-44e0-8728-e557ec1eaac1', l='ServerLevel[world]', x=715.31, y=67.92, z=-202.70, cpos=[44, -13], tl=1586, v=true] died, message: 'Fisherman was speared by Tenochcatl'
[00:31:11] [Server thread/INFO]: Villager Villager['Villager'/19873, uuid='4d1eecaa-7f67-4c2e-abed-e5855af72e2c', l='ServerLevel[world]', x=701.00, y=67.00, z=-193.11, cpos=[43, -13], tl=2889, v=true] died, message: 'Villager was slain by Tenochcatl'
[00:31:21] [Server thread/INFO]: Villager Villager['Villager'/19895, uuid='5506c026-d7a4-4d83-81f6-dd4f51dde34e', l='ServerLevel[world]', x=695.22, y=67.00, z=-193.38, cpos=[43, -13], tl=3106, v=true] died, message: 'Villager was slain by Tenochcatl'
[00:32:05] [Server thread/INFO]: Tenochcatl lost connection: Timed out
[00:32:05] [Server thread/INFO]: Tenochcatl left the game
[00:33:28] [Server thread/INFO]: blime lost connection: Timed out
[00:33:28] [Server thread/INFO]: blime left the game
[00:36:19] [User Authenticator #8/INFO]: UUID of player Tenochcatl is fb5f534c-2b82-3ca1-93e2-7f56cc456c89
[00:36:20] [Server thread/INFO]: Tenochcatl joined the game
[00:36:20] [Server thread/INFO]: Tenochcatl[/127.236.50.192:44637] logged in with entity id 21433 at ([world]690.3510929787418, 66.0, -177.4587946599586)
[00:36:58] [Server thread/INFO]: Villager Villager['Farmer'/21451, uuid='d8ec979f-fd93-4609-880b-c3e0e58d32ee', l='ServerLevel[world]', x=680.04, y=67.00, z=-183.04, cpos=[42, -12], tl=759, v=true] died, message: 'Farmer was slain by Tenochcatl'
[00:37:01] [Server thread/INFO]: Tenochcatl issued server command: /give Tenochcatl trident
[00:37:01] [Server thread/INFO]: [Tenochcatl: Gave 1 [Trident] to Tenochcatl]
[00:37:06] [Server thread/INFO]: Tenochcatl issued server command: /give Tenochcatl minecraft:heart_of_the_sea
[00:37:06] [Server thread/INFO]: [Tenochcatl: Gave 1 [Heart of the Sea] to Tenochcatl]
[00:37:18] [Server thread/WARN]: Tenochcatl moved wrongly!
[00:37:21] [Server thread/INFO]: Tenochcatl issued server command: /give Tenochcatl minecraft:heart_of_the_sea
[00:37:21] [Server thread/INFO]: [Tenochcatl: Gave 1 [Heart of the Sea] to Tenochcatl]
[00:37:22] [Server thread/INFO]: Tenochcatl issued server command: /give Tenochcatl trident
[00:37:22] [Server thread/INFO]: [Tenochcatl: Gave 1 [Trident] to Tenochcatl]
[00:37:35] [Server thread/INFO]: Tenochcatl issued server command: /enchant Tenochcatl minecraft:loyalty 3
[00:37:35] [Server thread/INFO]: [Tenochcatl: Applied enchantment Loyalty III to Tenochcatl's item]
[00:37:49] [Server thread/INFO]: Villager Villager['Cleric'/21497, uuid='793def5a-57ca-47f1-8306-0d0df6ee6ce5', l='ServerLevel[world]', x=695.72, y=66.00, z=-179.01, cpos=[43, -12], tl=1743, v=true] died, message: 'Cleric was slain by Fisherman'
[00:38:12] [Server thread/INFO]: Villager Villager['Farmer'/21486, uuid='7c18e61f-d7e3-419f-8984-27bce7c28aaa', l='ServerLevel[world]', x=684.21, y=66.02, z=-175.07, cpos=[42, -11], tl=2244, v=true] died, message: 'Farmer was slain by Tenochcatl'
[00:38:23] [Server thread/INFO]: Villager Villager['Fisherman'/21484, uuid='f8e52e2b-b196-460c-bd41-381059b5df7e', l='ServerLevel[world]', x=687.70, y=65.00, z=-184.70, cpos=[42, -12], tl=2428, v=true] died, message: 'Fisherman suffocated in a wall while fighting Tenochcatl'
[00:39:21] [Server thread/INFO]: Villager Villager['Villager'/21444, uuid='ab9c1afd-1531-4e0d-8dc4-6025a5111554', l='ServerLevel[world]', x=704.47, y=72.00, z=-232.55, cpos=[44, -15], tl=3579, v=true] died, message: 'Villager was slain by Villager'
[00:39:53] [Server thread/INFO]: Villager Villager['Villager'/21482, uuid='b65fecd7-8bf0-44b7-af84-f1064974476e', l='ServerLevel[world]', x=710.77, y=72.99, z=-227.01, cpos=[44, -15], tl=4224, v=true] died, message: 'Villager suffocated in a wall'
[00:39:53] [Server thread/INFO]: Tenochcatl was slain by Villager
[00:39:53] [Server thread/INFO]: Tenochcatl lost connection: ¡You have perished!
[00:39:53] [Server thread/INFO]: Tenochcatl left the game
[00:39:55] [Server thread/INFO]: Villager Villager['Villager'/21480, uuid='cb60aab1-de80-49b1-9d53-6221b097f5a3', l='ServerLevel[world]', x=710.77, y=72.99, z=-227.01, cpos=[44, -15], tl=4264, v=true] died, message: 'Villager suffocated in a wall'
[00:39:56] [Server thread/INFO]: Villager Villager['Villager'/21483, uuid='38cb678f-7aab-4e70-b147-61d5a3ba1c9e', l='ServerLevel[world]', x=710.77, y=72.99, z=-227.01, cpos=[44, -15], tl=4291, v=true] died, message: 'Villager suffocated in a wall'
[00:39:57] [Server thread/INFO]: Villager Villager['Villager'/21481, uuid='9870d425-93be-4aeb-9e8f-f7e891b4a40a', l='ServerLevel[world]', x=710.77, y=72.99, z=-227.01, cpos=[44, -15], tl=4314, v=true] died, message: 'Villager suffocated in a wall'
[00:40:03] [User Authenticator #9/INFO]: UUID of player Tenochcatl is fb5f534c-2b82-3ca1-93e2-7f56cc456c89
[00:40:04] [Server thread/INFO]: Tenochcatl joined the game
[00:40:04] [Server thread/INFO]: Tenochcatl[/127.236.50.192:54665] logged in with entity id 22429 at ([world]715.5677754318832, 73.18970334025373, -225.64469235395413)
[00:40:15] [Server thread/INFO]: Tenochcatl issued server command: /tp @e[type=minecraft:trident] ~ ~ ~
[00:40:20] [Server thread/INFO]: Tenochcatl lost connection: Disconnected
[00:40:20] [Server thread/INFO]: Tenochcatl left the game
[00:40:20] [User Authenticator #9/INFO]: UUID of player Tenochcatl is fb5f534c-2b82-3ca1-93e2-7f56cc456c89
[00:40:21] [Server thread/INFO]: Tenochcatl joined the game
[00:40:21] [Server thread/INFO]: Tenochcatl[/127.236.50.192:48487] logged in with entity id 22761 at ([world]430.00552547673755, 83.61933175846269, 283.61867488725557)
[00:40:23] [Server thread/INFO]: Tenochcatl issued server command: /save-all
[00:40:24] [Server thread/INFO]: [Tenochcatl: Saved the game]
[00:40:25] [Server thread/INFO]: Tenochcatl issued server command: /stop
[00:40:25] [Server thread/INFO]: [Tenochcatl: Stopping the server]
[00:40:25] [Server thread/INFO]: Stopping server
[00:40:25] [Server thread/INFO]: [SkinsRestorer] Disabling SkinsRestorer v15.11.1
[00:40:25] [Server thread/INFO]: [LoginSecurity] Disabling LoginSecurity v3.3.1
[00:40:25] [Server thread/INFO]: [LoginSecurity] Waiting for queued tasks...
[00:40:25] [Server thread/INFO]: [LoginSecurity] ExecutorService shut down, ready to disable.
[00:40:25] [Server thread/INFO]: [ViaBackwards] Disabling ViaBackwards v5.8.0
[00:40:25] [Server thread/INFO]: [ViaVersion] Disabling ViaVersion v5.8.0
[00:40:25] [Server thread/INFO]: [ViaVersion] ViaVersion has been disabled; uninjected the platform and shut down the scheduler.
[00:40:25] [Server thread/INFO]: Saving players
[00:40:25] [Server thread/INFO]: Tenochcatl lost connection: Server closed
[00:40:25] [Server thread/INFO]: Tenochcatl left the game
[00:40:25] [Server thread/INFO]: Saving worlds
[00:40:25] [Server thread/INFO]: Saving chunks for level 'ServerLevel[world]'/minecraft:overworld
[00:40:25] [Server thread/INFO]: [ChunkHolderManager] Waiting 60s for chunk system to halt for world 'world'
[00:40:25] [Server thread/INFO]: [ChunkHolderManager] Halted chunk system for world 'world'
[00:40:25] [Server thread/INFO]: [ChunkHolderManager] Saving all chunkholders for world 'world'
[00:40:25] [Server thread/INFO]: [ChunkHolderManager] Saved 5 block chunks, 287 entity chunks, 0 poi chunks in world 'world' in 0.20s
[00:40:25] [Server thread/INFO]: [ChunkHolderManager] Waiting 60s for chunk I/O to halt for world 'world'
[00:40:25] [Server thread/INFO]: [ChunkHolderManager] Halted I/O scheduler for world 'world'
[00:40:25] [Server thread/INFO]: Saving chunks for level 'ServerLevel[world_nether]'/minecraft:the_nether
[00:40:25] [Server thread/INFO]: [ChunkHolderManager] Waiting 60s for chunk system to halt for world 'world_nether'
[00:40:25] [Server thread/INFO]: [ChunkHolderManager] Halted chunk system for world 'world_nether'
[00:40:25] [Server thread/INFO]: [ChunkHolderManager] Saving all chunkholders for world 'world_nether'
[00:40:25] [Server thread/INFO]: [ChunkHolderManager] Saved 0 block chunks, 0 entity chunks, 0 poi chunks in world 'world_nether' in 0.00s
[00:40:25] [Server thread/INFO]: [ChunkHolderManager] Waiting 60s for chunk I/O to halt for world 'world_nether'
[00:40:25] [Server thread/INFO]: [ChunkHolderManager] Halted I/O scheduler for world 'world_nether'
[00:40:25] [Server thread/INFO]: Saving chunks for level 'ServerLevel[world_the_end]'/minecraft:the_end
[00:40:25] [Server thread/INFO]: [ChunkHolderManager] Waiting 60s for chunk system to halt for world 'world_the_end'
[00:40:25] [Server thread/INFO]: [ChunkHolderManager] Halted chunk system for world 'world_the_end'
[00:40:25] [Server thread/INFO]: [ChunkHolderManager] Saving all chunkholders for world 'world_the_end'
[00:40:25] [Server thread/INFO]: [ChunkHolderManager] Saved 0 block chunks, 0 entity chunks, 0 poi chunks in world 'world_the_end' in 0.00s
[00:40:25] [Server thread/INFO]: [ChunkHolderManager] Waiting 60s for chunk I/O to halt for world 'world_the_end'
[00:40:25] [Server thread/INFO]: [ChunkHolderManager] Halted I/O scheduler for world 'world_the_end'
[00:40:25] [Server thread/INFO]: ThreadedAnvilChunkStorage (world): All chunks are saved
[00:40:25] [Server thread/INFO]: ThreadedAnvilChunkStorage (DIM-1): All chunks are saved
[00:40:25] [Server thread/INFO]: ThreadedAnvilChunkStorage (DIM1): All chunks are saved
[00:40:25] [Server thread/INFO]: ThreadedAnvilChunkStorage: All dimensions are saved
[00:40:25] [Server thread/INFO]: Waiting for all RegionFile I/O tasks to complete...
[00:40:25] [Server thread/INFO]: All RegionFile I/O tasks to complete
[00:40:25] [Server thread/INFO]: [MoonriseCommon] Awaiting termination of worker pool for up to 60s...
[00:40:25] [Server thread/INFO]: [MoonriseCommon] Awaiting termination of I/O pool for up to 60s...
